{
    "Run with profile test | skip_baserecalibration": {
        "content": [
            36,
            null,
            [
                "pipeline_info",
                "pipeline_info/nf_core_pipeline_software_mqc_versions.yml",
                "preprocessing",
                "preprocessing/GM12878",
                "preprocessing/GM12878/GM12878.md.bam",
                "preprocessing/GM12878/GM12878.md.bam.bai",
                "reports",
                "reports/multiqc_data",
                "reports/multiqc_data/multiqc.log",
                "reports/multiqc_data/multiqc_citations.txt",
                "reports/multiqc_data/multiqc_data.json",
                "reports/multiqc_data/multiqc_software_versions.txt",
                "reports/multiqc_data/multiqc_sources.txt",
                "reports/multiqc_report.html",
                "reports/stats",
                "reports/stats/GM12878",
                "reports/stats/GM12878/GM12878.flagstat",
                "reports/stats/GM12878/GM12878.stats",
                "reports/stats/GM12878/STAR_log",
                "reports/stats/GM12878/STAR_log/GM12878.Log.final.out",
                "reports/stats/GM12878/STAR_log/GM12878.Log.out",
                "reports/stats/GM12878/STAR_log/GM12878.Log.progress.out",
                "reports/stats/GM12878/STAR_log/GM12878.SJ.out.tab",
                "samtools",
                "samtools/GM12878.bam",
                "samtools/GM12878.bam.bai",
                "variant_calling",
                "variant_calling/GM12878",
                "variant_calling/GM12878/GM12878.haplotypecaller.filtered.vcf.gz",
                "variant_calling/GM12878/GM12878.haplotypecaller.filtered.vcf.gz.tbi",
                "variant_calling/GM12878/GM12878.haplotypecaller.vcf.gz",
                "variant_calling/GM12878/GM12878.haplotypecaller.vcf.gz.tbi",
                "variant_calling/dbsnp_146.hg38.vcf",
                "variant_calling/dbsnp_146.hg38.vcf/dbsnp_146.hg38.vcf.gz.tbi",
                "variant_calling/mills_and_1000G.indels.vcf",
                "variant_calling/mills_and_1000G.indels.vcf/mills_and_1000G.indels.vcf.gz.tbi"
            ]
        ],
        "meta": {
            "nf-test": "0.9.0",
            "nextflow": "24.09.0"
        },
        "timestamp": "2024-10-11T15:10:25.387052"
    }
}